Archive member included to satisfy reference by file (symbol)

c:/program files/microchip/xc8/v2.46/avr/bin/../lib/gcc/avr/5.4.0/avr5\libgcc.a(_copy_data.o)
                              build/default/production/main.o (__do_copy_data)
c:/program files/microchip/xc8/v2.46/avr/bin/../lib/gcc/avr/5.4.0/../../../../avr/lib/avr5\libc.a(exit.o)
                              C:/Program Files/Microchip/MPLABX/v6.20/packs/Microchip/ATmega_DFP/3.1.264/xc8/avr/lib/avr5/crtatmega32.o (exit)
c:/program files/microchip/xc8/v2.46/avr/bin/../lib/gcc/avr/5.4.0/../../../../avr/lib/avr5\libc.a(_Exit.o)
                              c:/program files/microchip/xc8/v2.46/avr/bin/../lib/gcc/avr/5.4.0/../../../../avr/lib/avr5\libc.a(exit.o) (_Exit)
c:/program files/microchip/xc8/v2.46/avr/bin/../lib/gcc/avr/5.4.0/avr5\libgcc.a(_exit.o)
                              c:/program files/microchip/xc8/v2.46/avr/bin/../lib/gcc/avr/5.4.0/../../../../avr/lib/avr5\libc.a(_Exit.o) (_exit)

Discarded input sections

 .data          0x0000000000000000        0x0 C:/Program Files/Microchip/MPLABX/v6.20/packs/Microchip/ATmega_DFP/3.1.264/xc8/avr/lib/avr5/crtatmega32.o
 .bss           0x0000000000000000        0x0 C:/Program Files/Microchip/MPLABX/v6.20/packs/Microchip/ATmega_DFP/3.1.264/xc8/avr/lib/avr5/crtatmega32.o
 .text          0x0000000000000000        0x0 build/default/production/App/app.o
 .data          0x0000000000000000        0x0 build/default/production/App/app.o
 .bss           0x0000000000000000        0x0 build/default/production/App/app.o
 .debug_info    0x0000000000000000      0x229 build/default/production/App/app.o
 .debug_abbrev  0x0000000000000000       0x1b build/default/production/App/app.o
 .debug_aranges
                0x0000000000000000       0x18 build/default/production/App/app.o
 .debug_line    0x0000000000000000       0x1a build/default/production/App/app.o
 .debug_str     0x0000000000000000        0x0 build/default/production/App/app.o
 .comment       0x0000000000000000       0x30 build/default/production/App/app.o
 .text          0x0000000000000000        0x0 build/default/production/EUCAL/comparator_4bit.o
 .data          0x0000000000000000        0x0 build/default/production/EUCAL/comparator_4bit.o
 .bss           0x0000000000000000        0x0 build/default/production/EUCAL/comparator_4bit.o
 .text          0x0000000000000000        0x0 build/default/production/EUCAL/xnor.o
 .data          0x0000000000000000        0x0 build/default/production/EUCAL/xnor.o
 .bss           0x0000000000000000        0x0 build/default/production/EUCAL/xnor.o
 .text          0x0000000000000000        0x0 build/default/production/MCAL/DIO/dio.o
 .data          0x0000000000000000        0x0 build/default/production/MCAL/DIO/dio.o
 .bss           0x0000000000000000        0x0 build/default/production/MCAL/DIO/dio.o
 .text.DIO_toggle
                0x0000000000000000       0xc0 build/default/production/MCAL/DIO/dio.o
 .text          0x0000000000000000        0x0 build/default/production/MCAL/uart/uart.o
 .data          0x0000000000000000        0x0 build/default/production/MCAL/uart/uart.o
 .bss           0x0000000000000000        0x0 build/default/production/MCAL/uart/uart.o
 .text.UART_ReceiveByte
                0x0000000000000000       0x2a build/default/production/MCAL/uart/uart.o
 .text.UART_ReceiveString
                0x0000000000000000       0x8a build/default/production/MCAL/uart/uart.o
 .text          0x0000000000000000        0x0 build/default/production/main.o
 .data          0x0000000000000000        0x0 build/default/production/main.o
 .bss           0x0000000000000000        0x0 build/default/production/main.o
 .text          0x0000000000000000        0x0 c:/program files/microchip/xc8/v2.46/avr/bin/../lib/gcc/avr/5.4.0/avr5\libgcc.a(_copy_data.o)
 .data          0x0000000000000000        0x0 c:/program files/microchip/xc8/v2.46/avr/bin/../lib/gcc/avr/5.4.0/avr5\libgcc.a(_copy_data.o)
 .bss           0x0000000000000000        0x0 c:/program files/microchip/xc8/v2.46/avr/bin/../lib/gcc/avr/5.4.0/avr5\libgcc.a(_copy_data.o)
 .text.libgcc.mul
                0x0000000000000000        0x0 c:/program files/microchip/xc8/v2.46/avr/bin/../lib/gcc/avr/5.4.0/avr5\libgcc.a(_copy_data.o)
 .text.libgcc.div
                0x0000000000000000        0x0 c:/program files/microchip/xc8/v2.46/avr/bin/../lib/gcc/avr/5.4.0/avr5\libgcc.a(_copy_data.o)
 .text.libgcc   0x0000000000000000        0x0 c:/program files/microchip/xc8/v2.46/avr/bin/../lib/gcc/avr/5.4.0/avr5\libgcc.a(_copy_data.o)
 .text.libgcc.prologue
                0x0000000000000000        0x0 c:/program files/microchip/xc8/v2.46/avr/bin/../lib/gcc/avr/5.4.0/avr5\libgcc.a(_copy_data.o)
 .text.libgcc.builtins
                0x0000000000000000        0x0 c:/program files/microchip/xc8/v2.46/avr/bin/../lib/gcc/avr/5.4.0/avr5\libgcc.a(_copy_data.o)
 .text.libgcc.fmul
                0x0000000000000000        0x0 c:/program files/microchip/xc8/v2.46/avr/bin/../lib/gcc/avr/5.4.0/avr5\libgcc.a(_copy_data.o)
 .text.libgcc.fixed
                0x0000000000000000        0x0 c:/program files/microchip/xc8/v2.46/avr/bin/../lib/gcc/avr/5.4.0/avr5\libgcc.a(_copy_data.o)
 .text          0x0000000000000000        0x0 c:/program files/microchip/xc8/v2.46/avr/bin/../lib/gcc/avr/5.4.0/../../../../avr/lib/avr5\libc.a(exit.o)
 .data          0x0000000000000000        0x0 c:/program files/microchip/xc8/v2.46/avr/bin/../lib/gcc/avr/5.4.0/../../../../avr/lib/avr5\libc.a(exit.o)
 .bss           0x0000000000000000        0x0 c:/program files/microchip/xc8/v2.46/avr/bin/../lib/gcc/avr/5.4.0/../../../../avr/lib/avr5\libc.a(exit.o)
 .stack.descriptors
                0x0000000000000000       0x73 c:/program files/microchip/xc8/v2.46/avr/bin/../lib/gcc/avr/5.4.0/../../../../avr/lib/avr5\libc.a(exit.o)
 .text          0x0000000000000000        0x0 c:/program files/microchip/xc8/v2.46/avr/bin/../lib/gcc/avr/5.4.0/../../../../avr/lib/avr5\libc.a(_Exit.o)
 .data          0x0000000000000000        0x0 c:/program files/microchip/xc8/v2.46/avr/bin/../lib/gcc/avr/5.4.0/../../../../avr/lib/avr5\libc.a(_Exit.o)
 .bss           0x0000000000000000        0x0 c:/program files/microchip/xc8/v2.46/avr/bin/../lib/gcc/avr/5.4.0/../../../../avr/lib/avr5\libc.a(_Exit.o)
 .stack.descriptors
                0x0000000000000000       0x13 c:/program files/microchip/xc8/v2.46/avr/bin/../lib/gcc/avr/5.4.0/../../../../avr/lib/avr5\libc.a(_Exit.o)
 .text          0x0000000000000000        0x0 c:/program files/microchip/xc8/v2.46/avr/bin/../lib/gcc/avr/5.4.0/avr5\libgcc.a(_exit.o)
 .data          0x0000000000000000        0x0 c:/program files/microchip/xc8/v2.46/avr/bin/../lib/gcc/avr/5.4.0/avr5\libgcc.a(_exit.o)
 .bss           0x0000000000000000        0x0 c:/program files/microchip/xc8/v2.46/avr/bin/../lib/gcc/avr/5.4.0/avr5\libgcc.a(_exit.o)
 .text.libgcc.mul
                0x0000000000000000        0x0 c:/program files/microchip/xc8/v2.46/avr/bin/../lib/gcc/avr/5.4.0/avr5\libgcc.a(_exit.o)
 .text.libgcc.div
                0x0000000000000000        0x0 c:/program files/microchip/xc8/v2.46/avr/bin/../lib/gcc/avr/5.4.0/avr5\libgcc.a(_exit.o)
 .text.libgcc   0x0000000000000000        0x0 c:/program files/microchip/xc8/v2.46/avr/bin/../lib/gcc/avr/5.4.0/avr5\libgcc.a(_exit.o)
 .text.libgcc.prologue
                0x0000000000000000        0x0 c:/program files/microchip/xc8/v2.46/avr/bin/../lib/gcc/avr/5.4.0/avr5\libgcc.a(_exit.o)
 .stack.descriptors
                0x0000000000000000       0x13 c:/program files/microchip/xc8/v2.46/avr/bin/../lib/gcc/avr/5.4.0/avr5\libgcc.a(_exit.o)
 .text.libgcc.builtins
                0x0000000000000000        0x0 c:/program files/microchip/xc8/v2.46/avr/bin/../lib/gcc/avr/5.4.0/avr5\libgcc.a(_exit.o)
 .text.libgcc.fmul
                0x0000000000000000        0x0 c:/program files/microchip/xc8/v2.46/avr/bin/../lib/gcc/avr/5.4.0/avr5\libgcc.a(_exit.o)
 .text.libgcc.fixed
                0x0000000000000000        0x0 c:/program files/microchip/xc8/v2.46/avr/bin/../lib/gcc/avr/5.4.0/avr5\libgcc.a(_exit.o)

Memory Configuration

Name             Origin             Length             Attributes
text             0x0000000000000000 0x0000000000008000 xr
data             0x0000000000800060 0x0000000000000800 rw !x
eeprom           0x0000000000810000 0x0000000000000400 rw !x
fuse             0x0000000000820000 0x0000000000000002 rw !x
lock             0x0000000000830000 0x0000000000000400 rw !x
signature        0x0000000000840000 0x0000000000000400 rw !x
user_signatures  0x0000000000850000 0x0000000000000400 rw !x
bootrow          0x0000000000860000 0x0000000000000400 rw !x
*default*        0x0000000000000000 0xffffffffffffffff

Linker script and memory map

LOAD C:/Program Files/Microchip/MPLABX/v6.20/packs/Microchip/ATmega_DFP/3.1.264/xc8/avr/lib/avr5/crtatmega32.o
                0x0000000000000001                __MPLAB_BUILD = 0x1
LOAD build/default/production/App/app.o
LOAD build/default/production/EUCAL/comparator_4bit.o
LOAD build/default/production/EUCAL/xnor.o
LOAD build/default/production/MCAL/DIO/dio.o
LOAD build/default/production/MCAL/uart/uart.o
LOAD build/default/production/main.o
START GROUP
LOAD c:/program files/microchip/xc8/v2.46/avr/bin/../lib/gcc/avr/5.4.0/../../../../avr/lib/avr5\libm.a
END GROUP
START GROUP
LOAD c:/program files/microchip/xc8/v2.46/avr/bin/../lib/gcc/avr/5.4.0/avr5\libgcc.a
LOAD c:/program files/microchip/xc8/v2.46/avr/bin/../lib/gcc/avr/5.4.0/../../../../avr/lib/avr5\libm.a
LOAD c:/program files/microchip/xc8/v2.46/avr/bin/../lib/gcc/avr/5.4.0/../../../../avr/lib/avr5\libc.a
LOAD C:/Program Files/Microchip/MPLABX/v6.20/packs/Microchip/ATmega_DFP/3.1.264/xc8/avr/lib/avr5\libatmega32.a
END GROUP
                0x0000000000000000                __TEXT_REGION_ORIGIN__ = DEFINED (__TEXT_REGION_ORIGIN__)?__TEXT_REGION_ORIGIN__:0x0
                [0x0000000000800060]                __DATA_REGION_ORIGIN__ = DEFINED (__DATA_REGION_ORIGIN__)?__DATA_REGION_ORIGIN__:0x800060
                [0x0000000000008000]                __TEXT_REGION_LENGTH__ = DEFINED (__TEXT_REGION_LENGTH__)?__TEXT_REGION_LENGTH__:0x20000
                [0x0000000000000800]                __DATA_REGION_LENGTH__ = DEFINED (__DATA_REGION_LENGTH__)?__DATA_REGION_LENGTH__:0xffa0
                [0x0000000000000400]                __EEPROM_REGION_LENGTH__ = DEFINED (__EEPROM_REGION_LENGTH__)?__EEPROM_REGION_LENGTH__:0x10000
                [0x0000000000000002]                __FUSE_REGION_LENGTH__ = DEFINED (__FUSE_REGION_LENGTH__)?__FUSE_REGION_LENGTH__:0x400
                0x0000000000000400                __LOCK_REGION_LENGTH__ = DEFINED (__LOCK_REGION_LENGTH__)?__LOCK_REGION_LENGTH__:0x400
                0x0000000000000400                __SIGNATURE_REGION_LENGTH__ = DEFINED (__SIGNATURE_REGION_LENGTH__)?__SIGNATURE_REGION_LENGTH__:0x400
                0x0000000000000400                __USER_SIGNATURE_REGION_LENGTH__ = DEFINED (__USER_SIGNATURE_REGION_LENGTH__)?__USER_SIGNATURE_REGION_LENGTH__:0x400
                0x0000000000000400                __BOOTROW_REGION_LENGTH__ = DEFINED (__BOOTROW_REGION_LENGTH__)?__BOOTROW_REGION_LENGTH__:0x400

.hash
 *(.hash)

.dynsym
 *(.dynsym)

.dynstr
 *(.dynstr)

.gnu.version
 *(.gnu.version)

.gnu.version_d
 *(.gnu.version_d)

.gnu.version_r
 *(.gnu.version_r)

.rel.init
 *(.rel.init)

.rela.init
 *(.rela.init)

.rel.text
 *(.rel.text)
 *(.rel.text.*)
 *(.rel.gnu.linkonce.t*)

.rela.text
 *(.rela.text)
 *(.rela.text.*)
 *(.rela.gnu.linkonce.t*)

.rel.fini
 *(.rel.fini)

.rela.fini
 *(.rela.fini)

.rel.rodata
 *(.rel.rodata)
 *(.rel.rodata.*)
 *(.rel.gnu.linkonce.r*)

.rela.rodata
 *(.rela.rodata)
 *(.rela.rodata.*)
 *(.rela.gnu.linkonce.r*)

.rel.data
 *(.rel.data)
 *(.rel.data.*)
 *(.rel.gnu.linkonce.d*)

.rela.data
 *(.rela.data)
 *(.rela.data.*)
 *(.rela.gnu.linkonce.d*)

.rel.ctors
 *(.rel.ctors)

.rela.ctors
 *(.rela.ctors)

.rel.dtors
 *(.rel.dtors)

.rela.dtors
 *(.rela.dtors)

.rel.got
 *(.rel.got)

.rela.got
 *(.rela.got)

.rel.bss
 *(.rel.bss)

.rela.bss
 *(.rela.bss)

.rel.plt
 *(.rel.plt)

.rela.plt
 *(.rela.plt)

.text           0x0000000000000000       0xb4
 *(.vectors)
 .vectors       0x0000000000000000       0x54 C:/Program Files/Microchip/MPLABX/v6.20/packs/Microchip/ATmega_DFP/3.1.264/xc8/avr/lib/avr5/crtatmega32.o
                0x0000000000000000                __vector_default
                0x0000000000000000                __vectors
 *(.vectors)
 *(.progmem.gcc*)
 *(.dinit)
 .dinit         0x0000000000000054        0xc data_init
                0x0000000000000060                . = ALIGN (0x2)
 *fill*         0x0000000000000060        0x0 
                0x0000000000000060                __trampolines_start = .
 *(.trampolines)
 .trampolines   0x0000000000000060        0x0 linker stubs
 *(.trampolines*)
                0x0000000000000060                __trampolines_end = .
 *libprintf_flt.a:*(.progmem.data)
 *libc.a:*(.progmem.data)
                0x0000000000000060                . = ALIGN (0x2)
 *(.jumptables)
 *(.jumptables*)
 *(.lowtext)
 *(.lowtext*)
                0x0000000000000060                __ctors_start = .
 *(.ctors)
                0x0000000000000060                __ctors_end = .
                0x0000000000000060                __dtors_start = .
 *(.dtors)
                0x0000000000000060                __dtors_end = .
 SORT(*)(.ctors)
 SORT(*)(.dtors)
 *(.init0)
 .init0         0x0000000000000060        0x0 C:/Program Files/Microchip/MPLABX/v6.20/packs/Microchip/ATmega_DFP/3.1.264/xc8/avr/lib/avr5/crtatmega32.o
                0x0000000000000060                __init
 *(.init0)
 *(.init1)
 *(.init1)
 *(.init2)
 .init2         0x0000000000000060        0xc C:/Program Files/Microchip/MPLABX/v6.20/packs/Microchip/ATmega_DFP/3.1.264/xc8/avr/lib/avr5/crtatmega32.o
 *(.init2)
 *(.init3)
 *(.init3)
 *(.init4)
 .init4         0x000000000000006c       0x3c c:/program files/microchip/xc8/v2.46/avr/bin/../lib/gcc/avr/5.4.0/avr5\libgcc.a(_copy_data.o)
                0x000000000000006c                __do_copy_data
                0x000000000000009a                __do_clear_bss
 *(.init4)
 *(.init5)
 *(.init5)
 *(.init6)
 *(.init6)
 *(.init7)
 *(.init7)
 *(.init8)
 *(.init8)
 *(.init9)
 .init9         0x00000000000000a8        0x8 C:/Program Files/Microchip/MPLABX/v6.20/packs/Microchip/ATmega_DFP/3.1.264/xc8/avr/lib/avr5/crtatmega32.o
 *(.init9)
                0x00000000000000b0                . = ALIGN (0x2)
 *(.fini9)
 .fini9         0x00000000000000b0        0x0 c:/program files/microchip/xc8/v2.46/avr/bin/../lib/gcc/avr/5.4.0/avr5\libgcc.a(_exit.o)
                0x00000000000000b0                _exit
 *(.fini9)
 *(.fini8)
 *(.fini8)
 *(.fini7)
 *(.fini7)
 *(.fini6)
 *(.fini6)
 *(.fini5)
 *(.fini5)
 *(.fini4)
 *(.fini4)
 *(.fini3)
 *(.fini3)
 *(.fini2)
 *(.fini2)
 *(.fini1)
 *(.fini1)
 *(.fini0)
 .fini0         0x00000000000000b0        0x4 c:/program files/microchip/xc8/v2.46/avr/bin/../lib/gcc/avr/5.4.0/avr5\libgcc.a(_exit.o)
 *(.fini0)
                0x00000000000000b4                _etext = .

.data           0x0000000000800060        0x0 load address 0x00000000000000b4
                [!provide]                        PROVIDE (__data_start, .)
 *(.gnu.linkonce.d*)
 *(.gnu.linkonce.r*)
                0x0000000000800060                . = ALIGN (0x2)
                0x0000000000800060                _edata = .
                [!provide]                        PROVIDE (__data_end, .)

.bss            0x0000000000800060        0x0
                [!provide]                        PROVIDE (__bss_start, .)
 *(COMMON)
                [!provide]                        PROVIDE (__bss_end, .)
                0x00000000000000b4                __data_load_start = LOADADDR (.data)
                0x00000000000000b4                __data_load_end = (__data_load_start + SIZEOF (.data))

.noinit         0x0000000000800060        0x0
                [!provide]                        PROVIDE (__noinit_start, .)
 *(.noinit*)
                [!provide]                        PROVIDE (__noinit_end, .)
                0x0000000000800060                _end = .

.eeprom         0x0000000000810000        0x0
 *(.eeprom*)
                0x0000000000810000                __eeprom_end = .

.fuse
 *(.fuse)
 *(.lfuse)
 *(.hfuse)
 *(.efuse)

.lock
 *(.lock*)

.signature
 *(.signature*)

.user_signatures
 *(.user_signatures*)

.bootrow
 *(.bootrow*)

.stab
 *(.stab)

.stabstr
 *(.stabstr)

.stab.excl
 *(.stab.excl)

.stab.exclstr
 *(.stab.exclstr)

.stab.index
 *(.stab.index)

.stab.indexstr
 *(.stab.indexstr)

.comment        0x0000000000000000       0x5b
 *(.comment)
 .comment       0x0000000000000000       0x2f build/default/production/EUCAL/comparator_4bit.o
                                         0x30 (size before relaxing)
 .comment       0x000000000000002f       0x30 build/default/production/EUCAL/xnor.o
 .comment       0x000000000000002f       0x30 build/default/production/MCAL/DIO/dio.o
 .comment       0x000000000000002f       0x30 build/default/production/MCAL/uart/uart.o
 .comment       0x000000000000002f       0x30 build/default/production/main.o
 .comment       0x000000000000002f       0x2c c:/program files/microchip/xc8/v2.46/avr/bin/../lib/gcc/avr/5.4.0/../../../../avr/lib/avr5\libc.a(exit.o)
                                         0x2d (size before relaxing)
 .comment       0x000000000000005b       0x2d c:/program files/microchip/xc8/v2.46/avr/bin/../lib/gcc/avr/5.4.0/../../../../avr/lib/avr5\libc.a(_Exit.o)

.stack.descriptors.hdr
                0x0000000000000000       0x2a
 .stack.descriptors.hdr
                0x0000000000000000        0xe c:/program files/microchip/xc8/v2.46/avr/bin/../lib/gcc/avr/5.4.0/../../../../avr/lib/avr5\libc.a(exit.o)
 .stack.descriptors.hdr
                0x000000000000000e        0xe c:/program files/microchip/xc8/v2.46/avr/bin/../lib/gcc/avr/5.4.0/../../../../avr/lib/avr5\libc.a(_Exit.o)
 .stack.descriptors.hdr
                0x000000000000001c        0xe c:/program files/microchip/xc8/v2.46/avr/bin/../lib/gcc/avr/5.4.0/avr5\libgcc.a(_exit.o)

.note.GNU-stack
                0x0000000000000000        0x0
 .note.GNU-stack
                0x0000000000000000        0x0 c:/program files/microchip/xc8/v2.46/avr/bin/../lib/gcc/avr/5.4.0/../../../../avr/lib/avr5\libc.a(exit.o)
 .note.GNU-stack
                0x0000000000000000        0x0 c:/program files/microchip/xc8/v2.46/avr/bin/../lib/gcc/avr/5.4.0/../../../../avr/lib/avr5\libc.a(_Exit.o)

.note.gnu.build-id
 *(.note.gnu.build-id)

.debug
 *(.debug)

.line
 *(.line)

.debug_srcinfo
 *(.debug_srcinfo)

.debug_sfnames
 *(.debug_sfnames)

.debug_aranges  0x0000000000000000       0xe8
 *(.debug_aranges)
 .debug_aranges
                0x0000000000000000       0x28 build/default/production/EUCAL/comparator_4bit.o
 .debug_aranges
                0x0000000000000028       0x28 build/default/production/EUCAL/xnor.o
 .debug_aranges
                0x0000000000000050       0x38 build/default/production/MCAL/DIO/dio.o
 .debug_aranges
                0x0000000000000088       0x40 build/default/production/MCAL/uart/uart.o
 .debug_aranges
                0x00000000000000c8       0x20 build/default/production/main.o

.debug_pubnames
 *(.debug_pubnames)

.debug_info     0x0000000000000000     0x1f92
 *(.debug_info .gnu.linkonce.wi.*)
 .debug_info    0x0000000000000000      0x4e6 C:/Program Files/Microchip/MPLABX/v6.20/packs/Microchip/ATmega_DFP/3.1.264/xc8/avr/lib/avr5/crtatmega32.o
 .debug_info    0x00000000000004e6      0x783 build/default/production/EUCAL/comparator_4bit.o
 .debug_info    0x0000000000000c69      0x70e build/default/production/EUCAL/xnor.o
 .debug_info    0x0000000000001377      0x354 build/default/production/MCAL/DIO/dio.o
 .debug_info    0x00000000000016cb      0x417 build/default/production/MCAL/uart/uart.o
 .debug_info    0x0000000000001ae2      0x4b0 build/default/production/main.o

.debug_abbrev   0x0000000000000000      0xa34
 *(.debug_abbrev)
 .debug_abbrev  0x0000000000000000      0x4a3 C:/Program Files/Microchip/MPLABX/v6.20/packs/Microchip/ATmega_DFP/3.1.264/xc8/avr/lib/avr5/crtatmega32.o
 .debug_abbrev  0x00000000000004a3      0x143 build/default/production/EUCAL/comparator_4bit.o
 .debug_abbrev  0x00000000000005e6      0x143 build/default/production/EUCAL/xnor.o
 .debug_abbrev  0x0000000000000729       0x9a build/default/production/MCAL/DIO/dio.o
 .debug_abbrev  0x00000000000007c3       0xfb build/default/production/MCAL/uart/uart.o
 .debug_abbrev  0x00000000000008be      0x176 build/default/production/main.o

.debug_line     0x0000000000000000      0xac2
 *(.debug_line .debug_line.* .debug_line_end)
 .debug_line    0x0000000000000000      0x116 C:/Program Files/Microchip/MPLABX/v6.20/packs/Microchip/ATmega_DFP/3.1.264/xc8/avr/lib/avr5/crtatmega32.o
 .debug_line    0x0000000000000116      0x229 build/default/production/EUCAL/comparator_4bit.o
 .debug_line    0x000000000000033f      0x20a build/default/production/EUCAL/xnor.o
 .debug_line    0x0000000000000549      0x1f8 build/default/production/MCAL/DIO/dio.o
 .debug_line    0x0000000000000741      0x1e9 build/default/production/MCAL/uart/uart.o
 .debug_line    0x000000000000092a      0x198 build/default/production/main.o

.debug_frame    0x0000000000000000      0x1d0
 *(.debug_frame)
 .debug_frame   0x0000000000000000       0x44 build/default/production/EUCAL/comparator_4bit.o
 .debug_frame   0x0000000000000044       0x54 build/default/production/EUCAL/xnor.o
 .debug_frame   0x0000000000000098       0x54 build/default/production/MCAL/DIO/dio.o
 .debug_frame   0x00000000000000ec       0xb0 build/default/production/MCAL/uart/uart.o
 .debug_frame   0x000000000000019c       0x34 build/default/production/main.o

.debug_str      0x0000000000000000      0x1f1
 *(.debug_str)
 .debug_str     0x0000000000000000      0x196 C:/Program Files/Microchip/MPLABX/v6.20/packs/Microchip/ATmega_DFP/3.1.264/xc8/avr/lib/avr5/crtatmega32.o
 .debug_str     0x0000000000000196       0x1c build/default/production/EUCAL/comparator_4bit.o
 .debug_str     0x00000000000001b2       0x1c build/default/production/EUCAL/xnor.o
 .debug_str     0x00000000000001ce        0x0 build/default/production/MCAL/DIO/dio.o
 .debug_str     0x00000000000001ce        0x9 build/default/production/MCAL/uart/uart.o
 .debug_str     0x00000000000001d7       0x1a build/default/production/main.o

.debug_loc      0x0000000000000000      0x7de
 *(.debug_loc)
 .debug_loc     0x0000000000000000      0x1aa build/default/production/EUCAL/comparator_4bit.o
 .debug_loc     0x00000000000001aa       0xda build/default/production/EUCAL/xnor.o
 .debug_loc     0x0000000000000284      0x22d build/default/production/MCAL/DIO/dio.o
 .debug_loc     0x00000000000004b1      0x2e5 build/default/production/MCAL/uart/uart.o
 .debug_loc     0x0000000000000796       0x48 build/default/production/main.o

.debug_macinfo
 *(.debug_macinfo)

.debug_weaknames
 *(.debug_weaknames)

.debug_funcnames
 *(.debug_funcnames)

.debug_typenames
 *(.debug_typenames)

.debug_varnames
 *(.debug_varnames)

.debug_pubtypes
 *(.debug_pubtypes)

.debug_ranges   0x0000000000000000       0x98
 *(.debug_ranges)
 .debug_ranges  0x0000000000000000       0x18 build/default/production/EUCAL/comparator_4bit.o
 .debug_ranges  0x0000000000000018       0x18 build/default/production/EUCAL/xnor.o
 .debug_ranges  0x0000000000000030       0x28 build/default/production/MCAL/DIO/dio.o
 .debug_ranges  0x0000000000000058       0x30 build/default/production/MCAL/uart/uart.o
 .debug_ranges  0x0000000000000088       0x10 build/default/production/main.o

.debug_macro
 *(.debug_macro)
OUTPUT(dist/default/production/Lab3.production.elf elf32-avr)
LOAD linker stubs
LOAD data_init

.note.gnu.avr.deviceinfo
                0x0000000000000000       0x3c
 .note.gnu.avr.deviceinfo
                0x0000000000000000       0x3c C:/Program Files/Microchip/MPLABX/v6.20/packs/Microchip/ATmega_DFP/3.1.264/xc8/avr/lib/avr5/crtatmega32.o

.bss.lastIC     0x00000000008000a0        0x2
 .bss.lastIC    0x00000000008000a0        0x2 build/default/production/main.o
                0x00000000008000a0                lastIC

.text.is_7485   0x00000000000000b4      0x14e
 .text.is_7485  0x00000000000000b4      0x14e build/default/production/EUCAL/comparator_4bit.o
                0x00000000000000b4                is_7485

.text.DIO_write
                0x0000000000000202      0x146
 .text.DIO_write
                0x0000000000000202      0x146 build/default/production/MCAL/DIO/dio.o
                0x0000000000000202                DIO_write

.text.is_4077   0x0000000000000348      0x100
 .text.is_4077  0x0000000000000348      0x100 build/default/production/EUCAL/xnor.o
                0x0000000000000348                is_4077

.text.DIO_init  0x0000000000000448       0xf4
 .text.DIO_init
                0x0000000000000448       0xf4 build/default/production/MCAL/DIO/dio.o
                0x0000000000000448                DIO_init

.text.main      0x000000000000053c       0xa4
 .text.main     0x000000000000053c       0xa4 build/default/production/main.o
                0x000000000000053c                main

.text.init_4077
                0x00000000000005e0       0x8e
 .text.init_4077
                0x00000000000005e0       0x8e build/default/production/EUCAL/xnor.o
                0x00000000000005e0                init_4077

.text.init_7485
                0x000000000000066e       0x84
 .text.init_7485
                0x000000000000066e       0x84 build/default/production/EUCAL/comparator_4bit.o
                0x000000000000066e                init_7485

.text.DIO_read  0x00000000000006f2       0x62
 .text.DIO_read
                0x00000000000006f2       0x62 build/default/production/MCAL/DIO/dio.o
                0x00000000000006f2                DIO_read

.text.UART_SendString
                0x0000000000000754       0x4a
 .text.UART_SendString
                0x0000000000000754       0x4a build/default/production/MCAL/uart/uart.o
                0x0000000000000754                UART_SendString

.text.UART_SendByte
                0x000000000000079e       0x28
 .text.UART_SendByte
                0x000000000000079e       0x28 build/default/production/MCAL/uart/uart.o
                0x000000000000079e                UART_SendByte

.text.exit      0x00000000000007c6       0x16
 .text.exit     0x00000000000007c6       0x16 c:/program files/microchip/xc8/v2.46/avr/bin/../lib/gcc/avr/5.4.0/../../../../avr/lib/avr5\libc.a(exit.o)
                0x00000000000007c6                exit

.text.UART_Init
                0x00000000000007dc       0x12
 .text.UART_Init
                0x00000000000007dc       0x12 build/default/production/MCAL/uart/uart.o
                0x00000000000007dc                UART_Init

.text           0x00000000000007ee        0x4
 .text          0x00000000000007ee        0x4 C:/Program Files/Microchip/MPLABX/v6.20/packs/Microchip/ATmega_DFP/3.1.264/xc8/avr/lib/avr5/crtatmega32.o
                0x00000000000007ee                __vector_1
                0x00000000000007ee                __vector_12
                0x00000000000007ee                __bad_interrupt
                0x00000000000007ee                __vector_6
                0x00000000000007ee                __vector_3
                0x00000000000007ee                __vector_11
                0x00000000000007ee                __vector_13
                0x00000000000007ee                __vector_17
                0x00000000000007ee                __vector_19
                0x00000000000007ee                __vector_7
                0x00000000000007ee                __vector_5
                0x00000000000007ee                __vector_4
                0x00000000000007ee                __vector_9
                0x00000000000007ee                __vector_2
                0x00000000000007ee                __vector_15
                0x00000000000007ee                __vector_8
                0x00000000000007ee                __vector_14
                0x00000000000007ee                __vector_10
                0x00000000000007ee                __vector_16
                0x00000000000007ee                __vector_18
                0x00000000000007ee                __vector_20

.text._Exit     0x00000000000007f2        0x4
 .text._Exit    0x00000000000007f2        0x4 c:/program files/microchip/xc8/v2.46/avr/bin/../lib/gcc/avr/5.4.0/../../../../avr/lib/avr5\libc.a(_Exit.o)
                0x00000000000007f2                _Exit

.text.__dummy_fini
                0x00000000000007f6        0x2
 .text.__dummy_fini
                0x00000000000007f6        0x2 c:/program files/microchip/xc8/v2.46/avr/bin/../lib/gcc/avr/5.4.0/../../../../avr/lib/avr5\libc.a(exit.o)
                0x00000000000007f6                _fini

.text.__dummy_funcs_on_exit
                0x00000000000007f8        0x2
 .text.__dummy_funcs_on_exit
                0x00000000000007f8        0x2 c:/program files/microchip/xc8/v2.46/avr/bin/../lib/gcc/avr/5.4.0/../../../../avr/lib/avr5\libc.a(exit.o)
                0x00000000000007f8                __funcs_on_exit

.text.__dummy_simulator_exit
                0x00000000000007fa        0x2
 .text.__dummy_simulator_exit
                0x00000000000007fa        0x2 c:/program files/microchip/xc8/v2.46/avr/bin/../lib/gcc/avr/5.4.0/../../../../avr/lib/avr5\libc.a(exit.o)
                0x00000000000007fa                __simulator_exit

.rodata.IC_7485_smg
                0x0000000000800060       0x20 load address 0x00000000000007fc
 .rodata.IC_7485_smg
                0x0000000000800060       0x20 build/default/production/main.o
                0x0000000000800060                IC_7485_smg

.rodata.IC_4077_smg
                0x0000000000800080       0x20 load address 0x000000000000081c
 .rodata.IC_4077_smg
                0x0000000000800080       0x20 build/default/production/main.o
                0x0000000000800080                IC_4077_smg
