Archive member included to satisfy reference by file (symbol)

c:/program files/microchip/xc8/v2.46/avr/bin/../lib/gcc/avr/5.4.0/avr5\libgcc.a(_copy_data.o)
                              build/default/debug/main.o (__do_copy_data)
c:/program files/microchip/xc8/v2.46/avr/bin/../lib/gcc/avr/5.4.0/../../../../avr/lib/avr5\libc.a(exit.o)
                              C:/Program Files/Microchip/MPLABX/v6.20/packs/Microchip/ATmega_DFP/3.1.264/xc8/avr/lib/avr5/crtatmega32.o (exit)
c:/program files/microchip/xc8/v2.46/avr/bin/../lib/gcc/avr/5.4.0/../../../../avr/lib/avr5\libc.a(_Exit.o)
                              c:/program files/microchip/xc8/v2.46/avr/bin/../lib/gcc/avr/5.4.0/../../../../avr/lib/avr5\libc.a(exit.o) (_Exit)
c:/program files/microchip/xc8/v2.46/avr/bin/../lib/gcc/avr/5.4.0/avr5\libgcc.a(_exit.o)
                              c:/program files/microchip/xc8/v2.46/avr/bin/../lib/gcc/avr/5.4.0/../../../../avr/lib/avr5\libc.a(_Exit.o) (_exit)

Discarded input sections

 .data          0x0000000000000000        0x0 C:/Program Files/Microchip/MPLABX/v6.20/packs/Microchip/ATmega_DFP/3.1.264/xc8/avr/lib/avr5/crtatmega32.o
 .bss           0x0000000000000000        0x0 C:/Program Files/Microchip/MPLABX/v6.20/packs/Microchip/ATmega_DFP/3.1.264/xc8/avr/lib/avr5/crtatmega32.o
 .text          0x0000000000000000        0x0 build/default/debug/App/app.o
 .data          0x0000000000000000        0x0 build/default/debug/App/app.o
 .bss           0x0000000000000000        0x0 build/default/debug/App/app.o
 .text.delay    0x0000000000000000       0x22 build/default/debug/App/app.o
 .text          0x0000000000000000        0x0 build/default/debug/EUCAL/button/button.o
 .data          0x0000000000000000        0x0 build/default/debug/EUCAL/button/button.o
 .bss           0x0000000000000000        0x0 build/default/debug/EUCAL/button/button.o
 .text          0x0000000000000000        0x0 build/default/debug/EUCAL/LED/LED.o
 .data          0x0000000000000000        0x0 build/default/debug/EUCAL/LED/LED.o
 .bss           0x0000000000000000        0x0 build/default/debug/EUCAL/LED/LED.o
 .text.LED_toggle
                0x0000000000000000        0x6 build/default/debug/EUCAL/LED/LED.o
 .text          0x0000000000000000        0x0 build/default/debug/MCAL/DIO/dio.o
 .data          0x0000000000000000        0x0 build/default/debug/MCAL/DIO/dio.o
 .bss           0x0000000000000000        0x0 build/default/debug/MCAL/DIO/dio.o
 .text.DIO_toggle
                0x0000000000000000       0xc0 build/default/debug/MCAL/DIO/dio.o
 .text          0x0000000000000000        0x0 build/default/debug/MCAL/EEPROM/eeprom.o
 .data          0x0000000000000000        0x0 build/default/debug/MCAL/EEPROM/eeprom.o
 .bss           0x0000000000000000        0x0 build/default/debug/MCAL/EEPROM/eeprom.o
 .text          0x0000000000000000        0x0 build/default/debug/main.o
 .data          0x0000000000000000        0x0 build/default/debug/main.o
 .bss           0x0000000000000000        0x0 build/default/debug/main.o
 .bss.password_passed
                0x0000000000000000        0x1 build/default/debug/main.o
 .data.default_pass
                0x0000000000000000        0x2 build/default/debug/main.o
 .rodata.address
                0x0000000000000000        0x2 build/default/debug/main.o
 .text          0x0000000000000000        0x0 c:/program files/microchip/xc8/v2.46/avr/bin/../lib/gcc/avr/5.4.0/avr5\libgcc.a(_copy_data.o)
 .data          0x0000000000000000        0x0 c:/program files/microchip/xc8/v2.46/avr/bin/../lib/gcc/avr/5.4.0/avr5\libgcc.a(_copy_data.o)
 .bss           0x0000000000000000        0x0 c:/program files/microchip/xc8/v2.46/avr/bin/../lib/gcc/avr/5.4.0/avr5\libgcc.a(_copy_data.o)
 .text.libgcc.mul
                0x0000000000000000        0x0 c:/program files/microchip/xc8/v2.46/avr/bin/../lib/gcc/avr/5.4.0/avr5\libgcc.a(_copy_data.o)
 .text.libgcc.div
                0x0000000000000000        0x0 c:/program files/microchip/xc8/v2.46/avr/bin/../lib/gcc/avr/5.4.0/avr5\libgcc.a(_copy_data.o)
 .text.libgcc   0x0000000000000000        0x0 c:/program files/microchip/xc8/v2.46/avr/bin/../lib/gcc/avr/5.4.0/avr5\libgcc.a(_copy_data.o)
 .text.libgcc.prologue
                0x0000000000000000        0x0 c:/program files/microchip/xc8/v2.46/avr/bin/../lib/gcc/avr/5.4.0/avr5\libgcc.a(_copy_data.o)
 .text.libgcc.builtins
                0x0000000000000000        0x0 c:/program files/microchip/xc8/v2.46/avr/bin/../lib/gcc/avr/5.4.0/avr5\libgcc.a(_copy_data.o)
 .text.libgcc.fmul
                0x0000000000000000        0x0 c:/program files/microchip/xc8/v2.46/avr/bin/../lib/gcc/avr/5.4.0/avr5\libgcc.a(_copy_data.o)
 .text.libgcc.fixed
                0x0000000000000000        0x0 c:/program files/microchip/xc8/v2.46/avr/bin/../lib/gcc/avr/5.4.0/avr5\libgcc.a(_copy_data.o)
 .text          0x0000000000000000        0x0 c:/program files/microchip/xc8/v2.46/avr/bin/../lib/gcc/avr/5.4.0/../../../../avr/lib/avr5\libc.a(exit.o)
 .data          0x0000000000000000        0x0 c:/program files/microchip/xc8/v2.46/avr/bin/../lib/gcc/avr/5.4.0/../../../../avr/lib/avr5\libc.a(exit.o)
 .bss           0x0000000000000000        0x0 c:/program files/microchip/xc8/v2.46/avr/bin/../lib/gcc/avr/5.4.0/../../../../avr/lib/avr5\libc.a(exit.o)
 .stack.descriptors
                0x0000000000000000       0x73 c:/program files/microchip/xc8/v2.46/avr/bin/../lib/gcc/avr/5.4.0/../../../../avr/lib/avr5\libc.a(exit.o)
 .text          0x0000000000000000        0x0 c:/program files/microchip/xc8/v2.46/avr/bin/../lib/gcc/avr/5.4.0/../../../../avr/lib/avr5\libc.a(_Exit.o)
 .data          0x0000000000000000        0x0 c:/program files/microchip/xc8/v2.46/avr/bin/../lib/gcc/avr/5.4.0/../../../../avr/lib/avr5\libc.a(_Exit.o)
 .bss           0x0000000000000000        0x0 c:/program files/microchip/xc8/v2.46/avr/bin/../lib/gcc/avr/5.4.0/../../../../avr/lib/avr5\libc.a(_Exit.o)
 .stack.descriptors
                0x0000000000000000       0x13 c:/program files/microchip/xc8/v2.46/avr/bin/../lib/gcc/avr/5.4.0/../../../../avr/lib/avr5\libc.a(_Exit.o)
 .text          0x0000000000000000        0x0 c:/program files/microchip/xc8/v2.46/avr/bin/../lib/gcc/avr/5.4.0/avr5\libgcc.a(_exit.o)
 .data          0x0000000000000000        0x0 c:/program files/microchip/xc8/v2.46/avr/bin/../lib/gcc/avr/5.4.0/avr5\libgcc.a(_exit.o)
 .bss           0x0000000000000000        0x0 c:/program files/microchip/xc8/v2.46/avr/bin/../lib/gcc/avr/5.4.0/avr5\libgcc.a(_exit.o)
 .text.libgcc.mul
                0x0000000000000000        0x0 c:/program files/microchip/xc8/v2.46/avr/bin/../lib/gcc/avr/5.4.0/avr5\libgcc.a(_exit.o)
 .text.libgcc.div
                0x0000000000000000        0x0 c:/program files/microchip/xc8/v2.46/avr/bin/../lib/gcc/avr/5.4.0/avr5\libgcc.a(_exit.o)
 .text.libgcc   0x0000000000000000        0x0 c:/program files/microchip/xc8/v2.46/avr/bin/../lib/gcc/avr/5.4.0/avr5\libgcc.a(_exit.o)
 .text.libgcc.prologue
                0x0000000000000000        0x0 c:/program files/microchip/xc8/v2.46/avr/bin/../lib/gcc/avr/5.4.0/avr5\libgcc.a(_exit.o)
 .stack.descriptors
                0x0000000000000000       0x13 c:/program files/microchip/xc8/v2.46/avr/bin/../lib/gcc/avr/5.4.0/avr5\libgcc.a(_exit.o)
 .text.libgcc.builtins
                0x0000000000000000        0x0 c:/program files/microchip/xc8/v2.46/avr/bin/../lib/gcc/avr/5.4.0/avr5\libgcc.a(_exit.o)
 .text.libgcc.fmul
                0x0000000000000000        0x0 c:/program files/microchip/xc8/v2.46/avr/bin/../lib/gcc/avr/5.4.0/avr5\libgcc.a(_exit.o)
 .text.libgcc.fixed
                0x0000000000000000        0x0 c:/program files/microchip/xc8/v2.46/avr/bin/../lib/gcc/avr/5.4.0/avr5\libgcc.a(_exit.o)

Memory Configuration

Name             Origin             Length             Attributes
text             0x0000000000000000 0x0000000000008000 xr
data             0x0000000000800060 0x0000000000000800 rw !x
eeprom           0x0000000000810000 0x0000000000000400 rw !x
fuse             0x0000000000820000 0x0000000000000002 rw !x
lock             0x0000000000830000 0x0000000000000400 rw !x
signature        0x0000000000840000 0x0000000000000400 rw !x
user_signatures  0x0000000000850000 0x0000000000000400 rw !x
bootrow          0x0000000000860000 0x0000000000000400 rw !x
*default*        0x0000000000000000 0xffffffffffffffff

Linker script and memory map

LOAD C:/Program Files/Microchip/MPLABX/v6.20/packs/Microchip/ATmega_DFP/3.1.264/xc8/avr/lib/avr5/crtatmega32.o
                0x0000000000000001                __MPLAB_BUILD = 0x1
LOAD build/default/debug/App/app.o
LOAD build/default/debug/EUCAL/button/button.o
LOAD build/default/debug/EUCAL/LED/LED.o
LOAD build/default/debug/MCAL/DIO/dio.o
LOAD build/default/debug/MCAL/EEPROM/eeprom.o
LOAD build/default/debug/main.o
START GROUP
LOAD c:/program files/microchip/xc8/v2.46/avr/bin/../lib/gcc/avr/5.4.0/../../../../avr/lib/avr5\libm.a
END GROUP
                0x0000000000000001                __MPLAB_DEBUG = 0x1
                0x0000000000000001                __DEBUG = 0x1
                0x0000000000000001                __MPLAB_DEBUGGER_SIMULATOR = 0x1
START GROUP
LOAD c:/program files/microchip/xc8/v2.46/avr/bin/../lib/gcc/avr/5.4.0/avr5\libgcc.a
LOAD c:/program files/microchip/xc8/v2.46/avr/bin/../lib/gcc/avr/5.4.0/../../../../avr/lib/avr5\libm.a
LOAD c:/program files/microchip/xc8/v2.46/avr/bin/../lib/gcc/avr/5.4.0/../../../../avr/lib/avr5\libc.a
LOAD C:/Program Files/Microchip/MPLABX/v6.20/packs/Microchip/ATmega_DFP/3.1.264/xc8/avr/lib/avr5\libatmega32.a
END GROUP
                0x0000000000000000                __TEXT_REGION_ORIGIN__ = DEFINED (__TEXT_REGION_ORIGIN__)?__TEXT_REGION_ORIGIN__:0x0
                [0x0000000000800060]                __DATA_REGION_ORIGIN__ = DEFINED (__DATA_REGION_ORIGIN__)?__DATA_REGION_ORIGIN__:0x800060
                [0x0000000000008000]                __TEXT_REGION_LENGTH__ = DEFINED (__TEXT_REGION_LENGTH__)?__TEXT_REGION_LENGTH__:0x20000
                [0x0000000000000800]                __DATA_REGION_LENGTH__ = DEFINED (__DATA_REGION_LENGTH__)?__DATA_REGION_LENGTH__:0xffa0
                [0x0000000000000400]                __EEPROM_REGION_LENGTH__ = DEFINED (__EEPROM_REGION_LENGTH__)?__EEPROM_REGION_LENGTH__:0x10000
                [0x0000000000000002]                __FUSE_REGION_LENGTH__ = DEFINED (__FUSE_REGION_LENGTH__)?__FUSE_REGION_LENGTH__:0x400
                0x0000000000000400                __LOCK_REGION_LENGTH__ = DEFINED (__LOCK_REGION_LENGTH__)?__LOCK_REGION_LENGTH__:0x400
                0x0000000000000400                __SIGNATURE_REGION_LENGTH__ = DEFINED (__SIGNATURE_REGION_LENGTH__)?__SIGNATURE_REGION_LENGTH__:0x400
                0x0000000000000400                __USER_SIGNATURE_REGION_LENGTH__ = DEFINED (__USER_SIGNATURE_REGION_LENGTH__)?__USER_SIGNATURE_REGION_LENGTH__:0x400
                0x0000000000000400                __BOOTROW_REGION_LENGTH__ = DEFINED (__BOOTROW_REGION_LENGTH__)?__BOOTROW_REGION_LENGTH__:0x400

.hash
 *(.hash)

.dynsym
 *(.dynsym)

.dynstr
 *(.dynstr)

.gnu.version
 *(.gnu.version)

.gnu.version_d
 *(.gnu.version_d)

.gnu.version_r
 *(.gnu.version_r)

.rel.init
 *(.rel.init)

.rela.init
 *(.rela.init)

.rel.text
 *(.rel.text)
 *(.rel.text.*)
 *(.rel.gnu.linkonce.t*)

.rela.text
 *(.rela.text)
 *(.rela.text.*)
 *(.rela.gnu.linkonce.t*)

.rel.fini
 *(.rel.fini)

.rela.fini
 *(.rela.fini)

.rel.rodata
 *(.rel.rodata)
 *(.rel.rodata.*)
 *(.rel.gnu.linkonce.r*)

.rela.rodata
 *(.rela.rodata)
 *(.rela.rodata.*)
 *(.rela.gnu.linkonce.r*)

.rel.data
 *(.rel.data)
 *(.rel.data.*)
 *(.rel.gnu.linkonce.d*)

.rela.data
 *(.rela.data)
 *(.rela.data.*)
 *(.rela.gnu.linkonce.d*)

.rel.ctors
 *(.rel.ctors)

.rela.ctors
 *(.rela.ctors)

.rel.dtors
 *(.rel.dtors)

.rela.dtors
 *(.rela.dtors)

.rel.got
 *(.rel.got)

.rela.got
 *(.rela.got)

.rel.bss
 *(.rel.bss)

.rela.bss
 *(.rela.bss)

.rel.plt
 *(.rel.plt)

.rela.plt
 *(.rela.plt)

.text           0x0000000000000000       0xba
 *(.vectors)
 .vectors       0x0000000000000000       0x54 C:/Program Files/Microchip/MPLABX/v6.20/packs/Microchip/ATmega_DFP/3.1.264/xc8/avr/lib/avr5/crtatmega32.o
                0x0000000000000000                __vector_default
                0x0000000000000000                __vectors
 *(.vectors)
 *(.progmem.gcc*)
 *(.dinit)
 .dinit         0x0000000000000054       0x11 data_init
                0x0000000000000066                . = ALIGN (0x2)
 *fill*         0x0000000000000065        0x1 
                0x0000000000000066                __trampolines_start = .
 *(.trampolines)
 .trampolines   0x0000000000000066        0x0 linker stubs
 *(.trampolines*)
                0x0000000000000066                __trampolines_end = .
 *libprintf_flt.a:*(.progmem.data)
 *libc.a:*(.progmem.data)
                0x0000000000000066                . = ALIGN (0x2)
 *(.jumptables)
 *(.jumptables*)
 *(.lowtext)
 *(.lowtext*)
                0x0000000000000066                __ctors_start = .
 *(.ctors)
                0x0000000000000066                __ctors_end = .
                0x0000000000000066                __dtors_start = .
 *(.dtors)
                0x0000000000000066                __dtors_end = .
 SORT(*)(.ctors)
 SORT(*)(.dtors)
 *(.init0)
 .init0         0x0000000000000066        0x0 C:/Program Files/Microchip/MPLABX/v6.20/packs/Microchip/ATmega_DFP/3.1.264/xc8/avr/lib/avr5/crtatmega32.o
                0x0000000000000066                __init
 *(.init0)
 *(.init1)
 *(.init1)
 *(.init2)
 .init2         0x0000000000000066        0xc C:/Program Files/Microchip/MPLABX/v6.20/packs/Microchip/ATmega_DFP/3.1.264/xc8/avr/lib/avr5/crtatmega32.o
 *(.init2)
 *(.init3)
 *(.init3)
 *(.init4)
 .init4         0x0000000000000072       0x3c c:/program files/microchip/xc8/v2.46/avr/bin/../lib/gcc/avr/5.4.0/avr5\libgcc.a(_copy_data.o)
                0x0000000000000072                __do_copy_data
                0x00000000000000a0                __do_clear_bss
 *(.init4)
 *(.init5)
 *(.init5)
 *(.init6)
 *(.init6)
 *(.init7)
 *(.init7)
 *(.init8)
 *(.init8)
 *(.init9)
 .init9         0x00000000000000ae        0x8 C:/Program Files/Microchip/MPLABX/v6.20/packs/Microchip/ATmega_DFP/3.1.264/xc8/avr/lib/avr5/crtatmega32.o
 *(.init9)
                0x00000000000000b6                . = ALIGN (0x2)
 *(.fini9)
 .fini9         0x00000000000000b6        0x0 c:/program files/microchip/xc8/v2.46/avr/bin/../lib/gcc/avr/5.4.0/avr5\libgcc.a(_exit.o)
                0x00000000000000b6                _exit
 *(.fini9)
 *(.fini8)
 *(.fini8)
 *(.fini7)
 *(.fini7)
 *(.fini6)
 *(.fini6)
 *(.fini5)
 *(.fini5)
 *(.fini4)
 *(.fini4)
 *(.fini3)
 *(.fini3)
 *(.fini2)
 *(.fini2)
 *(.fini1)
 *(.fini1)
 *(.fini0)
 .fini0         0x00000000000000b6        0x4 c:/program files/microchip/xc8/v2.46/avr/bin/../lib/gcc/avr/5.4.0/avr5\libgcc.a(_exit.o)
 *(.fini0)
                0x00000000000000ba                _etext = .

.data           0x0000000000800060        0x0 load address 0x00000000000000ba
                [!provide]                        PROVIDE (__data_start, .)
 *(.gnu.linkonce.d*)
 *(.gnu.linkonce.r*)
                0x0000000000800060                . = ALIGN (0x2)
                0x0000000000800060                _edata = .
                [!provide]                        PROVIDE (__data_end, .)

.bss            0x0000000000800060        0x0
                [!provide]                        PROVIDE (__bss_start, .)
 *(COMMON)
                [!provide]                        PROVIDE (__bss_end, .)
                0x00000000000000ba                __data_load_start = LOADADDR (.data)
                0x00000000000000ba                __data_load_end = (__data_load_start + SIZEOF (.data))

.noinit         0x0000000000800060        0x0
                [!provide]                        PROVIDE (__noinit_start, .)
 *(.noinit*)
                [!provide]                        PROVIDE (__noinit_end, .)
                0x0000000000800060                _end = .

.eeprom         0x0000000000810000        0x0
 *(.eeprom*)
                0x0000000000810000                __eeprom_end = .

.fuse
 *(.fuse)
 *(.lfuse)
 *(.hfuse)
 *(.efuse)

.lock
 *(.lock*)

.signature
 *(.signature*)

.user_signatures
 *(.user_signatures*)

.bootrow
 *(.bootrow*)

.stab
 *(.stab)

.stabstr
 *(.stabstr)

.stab.excl
 *(.stab.excl)

.stab.exclstr
 *(.stab.exclstr)

.stab.index
 *(.stab.index)

.stab.indexstr
 *(.stab.indexstr)

.comment        0x0000000000000000       0x5b
 *(.comment)
 .comment       0x0000000000000000       0x2f build/default/debug/App/app.o
                                         0x30 (size before relaxing)
 .comment       0x000000000000002f       0x30 build/default/debug/EUCAL/button/button.o
 .comment       0x000000000000002f       0x30 build/default/debug/EUCAL/LED/LED.o
 .comment       0x000000000000002f       0x30 build/default/debug/MCAL/DIO/dio.o
 .comment       0x000000000000002f       0x30 build/default/debug/MCAL/EEPROM/eeprom.o
 .comment       0x000000000000002f       0x30 build/default/debug/main.o
 .comment       0x000000000000002f       0x2c c:/program files/microchip/xc8/v2.46/avr/bin/../lib/gcc/avr/5.4.0/../../../../avr/lib/avr5\libc.a(exit.o)
                                         0x2d (size before relaxing)
 .comment       0x000000000000005b       0x2d c:/program files/microchip/xc8/v2.46/avr/bin/../lib/gcc/avr/5.4.0/../../../../avr/lib/avr5\libc.a(_Exit.o)

.stack.descriptors.hdr
                0x0000000000000000       0x2a
 .stack.descriptors.hdr
                0x0000000000000000        0xe c:/program files/microchip/xc8/v2.46/avr/bin/../lib/gcc/avr/5.4.0/../../../../avr/lib/avr5\libc.a(exit.o)
 .stack.descriptors.hdr
                0x000000000000000e        0xe c:/program files/microchip/xc8/v2.46/avr/bin/../lib/gcc/avr/5.4.0/../../../../avr/lib/avr5\libc.a(_Exit.o)
 .stack.descriptors.hdr
                0x000000000000001c        0xe c:/program files/microchip/xc8/v2.46/avr/bin/../lib/gcc/avr/5.4.0/avr5\libgcc.a(_exit.o)

.note.GNU-stack
                0x0000000000000000        0x0
 .note.GNU-stack
                0x0000000000000000        0x0 c:/program files/microchip/xc8/v2.46/avr/bin/../lib/gcc/avr/5.4.0/../../../../avr/lib/avr5\libc.a(exit.o)
 .note.GNU-stack
                0x0000000000000000        0x0 c:/program files/microchip/xc8/v2.46/avr/bin/../lib/gcc/avr/5.4.0/../../../../avr/lib/avr5\libc.a(_Exit.o)

.note.gnu.build-id
 *(.note.gnu.build-id)

.debug
 *(.debug)

.line
 *(.line)

.debug_srcinfo
 *(.debug_srcinfo)

.debug_sfnames
 *(.debug_sfnames)

.debug_aranges  0x0000000000000000      0x120
 *(.debug_aranges)
 .debug_aranges
                0x0000000000000000       0x28 build/default/debug/App/app.o
 .debug_aranges
                0x0000000000000028       0x28 build/default/debug/EUCAL/button/button.o
 .debug_aranges
                0x0000000000000050       0x40 build/default/debug/EUCAL/LED/LED.o
 .debug_aranges
                0x0000000000000090       0x38 build/default/debug/MCAL/DIO/dio.o
 .debug_aranges
                0x00000000000000c8       0x38 build/default/debug/MCAL/EEPROM/eeprom.o
 .debug_aranges
                0x0000000000000100       0x20 build/default/debug/main.o

.debug_pubnames
 *(.debug_pubnames)

.debug_info     0x0000000000000000     0x2045
 *(.debug_info .gnu.linkonce.wi.*)
 .debug_info    0x0000000000000000      0x4e6 C:/Program Files/Microchip/MPLABX/v6.20/packs/Microchip/ATmega_DFP/3.1.264/xc8/avr/lib/avr5/crtatmega32.o
 .debug_info    0x00000000000004e6      0x37d build/default/debug/App/app.o
 .debug_info    0x0000000000000863      0x321 build/default/debug/EUCAL/button/button.o
 .debug_info    0x0000000000000b84      0x438 build/default/debug/EUCAL/LED/LED.o
 .debug_info    0x0000000000000fbc      0x352 build/default/debug/MCAL/DIO/dio.o
 .debug_info    0x000000000000130e      0x434 build/default/debug/MCAL/EEPROM/eeprom.o
 .debug_info    0x0000000000001742      0x903 build/default/debug/main.o

.debug_abbrev   0x0000000000000000      0x914
 *(.debug_abbrev)
 .debug_abbrev  0x0000000000000000      0x4a3 C:/Program Files/Microchip/MPLABX/v6.20/packs/Microchip/ATmega_DFP/3.1.264/xc8/avr/lib/avr5/crtatmega32.o
 .debug_abbrev  0x00000000000004a3       0xae build/default/debug/App/app.o
 .debug_abbrev  0x0000000000000551       0x9c build/default/debug/EUCAL/button/button.o
 .debug_abbrev  0x00000000000005ed       0x9c build/default/debug/EUCAL/LED/LED.o
 .debug_abbrev  0x0000000000000689       0x9a build/default/debug/MCAL/DIO/dio.o
 .debug_abbrev  0x0000000000000723       0xa4 build/default/debug/MCAL/EEPROM/eeprom.o
 .debug_abbrev  0x00000000000007c7      0x14d build/default/debug/main.o

.debug_line     0x0000000000000000      0xae9
 *(.debug_line .debug_line.* .debug_line_end)
 .debug_line    0x0000000000000000      0x116 C:/Program Files/Microchip/MPLABX/v6.20/packs/Microchip/ATmega_DFP/3.1.264/xc8/avr/lib/avr5/crtatmega32.o
 .debug_line    0x0000000000000116      0x107 build/default/debug/App/app.o
 .debug_line    0x000000000000021d       0xce build/default/debug/EUCAL/button/button.o
 .debug_line    0x00000000000002eb      0x107 build/default/debug/EUCAL/LED/LED.o
 .debug_line    0x00000000000003f2      0x1f8 build/default/debug/MCAL/DIO/dio.o
 .debug_line    0x00000000000005ea      0x17c build/default/debug/MCAL/EEPROM/eeprom.o
 .debug_line    0x0000000000000766      0x383 build/default/debug/main.o

.debug_frame    0x0000000000000000      0x1bc
 *(.debug_frame)
 .debug_frame   0x0000000000000000       0x34 build/default/debug/App/app.o
 .debug_frame   0x0000000000000034       0x34 build/default/debug/EUCAL/button/button.o
 .debug_frame   0x0000000000000068       0x64 build/default/debug/EUCAL/LED/LED.o
 .debug_frame   0x00000000000000cc       0x54 build/default/debug/MCAL/DIO/dio.o
 .debug_frame   0x0000000000000120       0x78 build/default/debug/MCAL/EEPROM/eeprom.o
 .debug_frame   0x0000000000000198       0x24 build/default/debug/main.o

.debug_str      0x0000000000000000      0x262
 *(.debug_str)
 .debug_str     0x0000000000000000      0x196 C:/Program Files/Microchip/MPLABX/v6.20/packs/Microchip/ATmega_DFP/3.1.264/xc8/avr/lib/avr5/crtatmega32.o
 .debug_str     0x0000000000000196       0x15 build/default/debug/App/app.o
 .debug_str     0x00000000000001ab       0x12 build/default/debug/EUCAL/button/button.o
 .debug_str     0x00000000000001bd       0x27 build/default/debug/EUCAL/LED/LED.o
 .debug_str     0x00000000000001e4        0x0 build/default/debug/MCAL/DIO/dio.o
 .debug_str     0x00000000000001e4        0xe build/default/debug/MCAL/EEPROM/eeprom.o
 .debug_str     0x00000000000001f2       0x70 build/default/debug/main.o

.debug_loc      0x0000000000000000      0x7c1
 *(.debug_loc)
 .debug_loc     0x0000000000000000       0x45 build/default/debug/App/app.o
 .debug_loc     0x0000000000000045       0x84 build/default/debug/EUCAL/button/button.o
 .debug_loc     0x00000000000000c9      0x14a build/default/debug/EUCAL/LED/LED.o
 .debug_loc     0x0000000000000213      0x22d build/default/debug/MCAL/DIO/dio.o
 .debug_loc     0x0000000000000440      0x19b build/default/debug/MCAL/EEPROM/eeprom.o
 .debug_loc     0x00000000000005db      0x1e6 build/default/debug/main.o

.debug_macinfo
 *(.debug_macinfo)

.debug_weaknames
 *(.debug_weaknames)

.debug_funcnames
 *(.debug_funcnames)

.debug_typenames
 *(.debug_typenames)

.debug_varnames
 *(.debug_varnames)

.debug_pubtypes
 *(.debug_pubtypes)

.debug_ranges   0x0000000000000000       0xc0
 *(.debug_ranges)
 .debug_ranges  0x0000000000000000       0x18 build/default/debug/App/app.o
 .debug_ranges  0x0000000000000018       0x18 build/default/debug/EUCAL/button/button.o
 .debug_ranges  0x0000000000000030       0x30 build/default/debug/EUCAL/LED/LED.o
 .debug_ranges  0x0000000000000060       0x28 build/default/debug/MCAL/DIO/dio.o
 .debug_ranges  0x0000000000000088       0x28 build/default/debug/MCAL/EEPROM/eeprom.o
 .debug_ranges  0x00000000000000b0       0x10 build/default/debug/main.o

.debug_macro
 *(.debug_macro)
OUTPUT(dist/default/debug/Lab2.debug.elf elf32-avr)
LOAD linker stubs
LOAD data_init

.note.gnu.avr.deviceinfo
                0x0000000000000000       0x3c
 .note.gnu.avr.deviceinfo
                0x0000000000000000       0x3c C:/Program Files/Microchip/MPLABX/v6.20/packs/Microchip/ATmega_DFP/3.1.264/xc8/avr/lib/avr5/crtatmega32.o

.bss.i          0x0000000000800066        0x1
 .bss.i         0x0000000000800066        0x1 build/default/debug/main.o
                0x0000000000800066                i

.bss.enter_pass
                0x0000000000800060        0x2
 .bss.enter_pass
                0x0000000000800060        0x2 build/default/debug/main.o
                0x0000000000800060                enter_pass

.bss.eeprom_pass
                0x0000000000800062        0x2
 .bss.eeprom_pass
                0x0000000000800062        0x2 build/default/debug/main.o
                0x0000000000800062                eeprom_pass

.bss.stop_cnt   0x0000000000800068        0x1
 .bss.stop_cnt  0x0000000000800068        0x1 build/default/debug/main.o
                0x0000000000800068                stop_cnt

.bss.bit_added  0x0000000000800069        0x1
 .bss.bit_added
                0x0000000000800069        0x1 build/default/debug/main.o
                0x0000000000800069                bit_added

.bss.password   0x0000000000800064        0x2
 .bss.password  0x0000000000800064        0x2 build/default/debug/main.o
                0x0000000000800064                password

.bss.pass_len   0x000000000080006a        0x1
 .bss.pass_len  0x000000000080006a        0x1 build/default/debug/main.o
                0x000000000080006a                pass_len

.text.main      0x00000000000000ba      0x380
 .text.main     0x00000000000000ba      0x380 build/default/debug/main.o
                0x00000000000000ba                main

.text.DIO_write
                0x000000000000043a      0x146
 .text.DIO_write
                0x000000000000043a      0x146 build/default/debug/MCAL/DIO/dio.o
                0x000000000000043a                DIO_write

.text.DIO_init  0x0000000000000580       0xf4
 .text.DIO_init
                0x0000000000000580       0xf4 build/default/debug/MCAL/DIO/dio.o
                0x0000000000000580                DIO_init

.text.DIO_read  0x0000000000000674       0x62
 .text.DIO_read
                0x0000000000000674       0x62 build/default/debug/MCAL/DIO/dio.o
                0x0000000000000674                DIO_read

.text.eeprom_read_2bytes
                0x00000000000006d6       0x3c
 .text.eeprom_read_2bytes
                0x00000000000006d6       0x3c build/default/debug/MCAL/EEPROM/eeprom.o
                0x00000000000006d6                eeprom_read_2bytes

.text.init      0x0000000000000712       0x3a
 .text.init     0x0000000000000712       0x3a build/default/debug/App/app.o
                0x0000000000000712                init

.text.eeprom_write_2bytes
                0x000000000000074c       0x34
 .text.eeprom_write_2bytes
                0x000000000000074c       0x34 build/default/debug/MCAL/EEPROM/eeprom.o
                0x000000000000074c                eeprom_write_2bytes

.text.eeprom_write_byte
                0x0000000000000780       0x2c
 .text.eeprom_write_byte
                0x0000000000000780       0x2c build/default/debug/MCAL/EEPROM/eeprom.o
                0x0000000000000780                eeprom_write_byte

.text.eeprom_read_byte
                0x00000000000007ac       0x26
 .text.eeprom_read_byte
                0x00000000000007ac       0x26 build/default/debug/MCAL/EEPROM/eeprom.o
                0x00000000000007ac                eeprom_read_byte

.text.exit      0x00000000000007d2       0x16
 .text.exit     0x00000000000007d2       0x16 c:/program files/microchip/xc8/v2.46/avr/bin/../lib/gcc/avr/5.4.0/../../../../avr/lib/avr5\libc.a(exit.o)
                0x00000000000007d2                exit

.text.button_init
                0x00000000000007e8        0x8
 .text.button_init
                0x00000000000007e8        0x8 build/default/debug/EUCAL/button/button.o
                0x00000000000007e8                button_init

.text.LED_init  0x00000000000007f0        0x8
 .text.LED_init
                0x00000000000007f0        0x8 build/default/debug/EUCAL/LED/LED.o
                0x00000000000007f0                LED_init

.text.LED_on    0x00000000000007f8        0x8
 .text.LED_on   0x00000000000007f8        0x8 build/default/debug/EUCAL/LED/LED.o
                0x00000000000007f8                LED_on

.text.LED_off   0x0000000000000800        0x8
 .text.LED_off  0x0000000000000800        0x8 build/default/debug/EUCAL/LED/LED.o
                0x0000000000000800                LED_off

.text.button_read
                0x0000000000000808        0x6
 .text.button_read
                0x0000000000000808        0x6 build/default/debug/EUCAL/button/button.o
                0x0000000000000808                button_read

.text.LED_state
                0x000000000000080e        0x6
 .text.LED_state
                0x000000000000080e        0x6 build/default/debug/EUCAL/LED/LED.o
                0x000000000000080e                LED_state

.text           0x0000000000000814        0x4
 .text          0x0000000000000814        0x4 C:/Program Files/Microchip/MPLABX/v6.20/packs/Microchip/ATmega_DFP/3.1.264/xc8/avr/lib/avr5/crtatmega32.o
                0x0000000000000814                __vector_1
                0x0000000000000814                __vector_12
                0x0000000000000814                __bad_interrupt
                0x0000000000000814                __vector_6
                0x0000000000000814                __vector_3
                0x0000000000000814                __vector_11
                0x0000000000000814                __vector_13
                0x0000000000000814                __vector_17
                0x0000000000000814                __vector_19
                0x0000000000000814                __vector_7
                0x0000000000000814                __vector_5
                0x0000000000000814                __vector_4
                0x0000000000000814                __vector_9
                0x0000000000000814                __vector_2
                0x0000000000000814                __vector_15
                0x0000000000000814                __vector_8
                0x0000000000000814                __vector_14
                0x0000000000000814                __vector_10
                0x0000000000000814                __vector_16
                0x0000000000000814                __vector_18
                0x0000000000000814                __vector_20

.text._Exit     0x0000000000000818        0x4
 .text._Exit    0x0000000000000818        0x4 c:/program files/microchip/xc8/v2.46/avr/bin/../lib/gcc/avr/5.4.0/../../../../avr/lib/avr5\libc.a(_Exit.o)
                0x0000000000000818                _Exit

.text.__dummy_fini
                0x000000000000081c        0x2
 .text.__dummy_fini
                0x000000000000081c        0x2 c:/program files/microchip/xc8/v2.46/avr/bin/../lib/gcc/avr/5.4.0/../../../../avr/lib/avr5\libc.a(exit.o)
                0x000000000000081c                _fini

.text.__dummy_funcs_on_exit
                0x000000000000081e        0x2
 .text.__dummy_funcs_on_exit
                0x000000000000081e        0x2 c:/program files/microchip/xc8/v2.46/avr/bin/../lib/gcc/avr/5.4.0/../../../../avr/lib/avr5\libc.a(exit.o)
                0x000000000000081e                __funcs_on_exit

.text.__dummy_simulator_exit
                0x0000000000000820        0x2
 .text.__dummy_simulator_exit
                0x0000000000000820        0x2 c:/program files/microchip/xc8/v2.46/avr/bin/../lib/gcc/avr/5.4.0/../../../../avr/lib/avr5\libc.a(exit.o)
                0x0000000000000820                __simulator_exit

.data.start     0x0000000000800067        0x1 load address 0x0000000000000822
 .data.start    0x0000000000800067        0x1 build/default/debug/main.o
                0x0000000000800067                start
